XY,YC = -0.976	0.0773	QN,QT = 0.00	0.448	U,V = 0.135	0.427	P = 0.8
XY,YC = -0.88	0.224	QN,QT = 0.00	1.07	U,V = 0.762	0.748	P = -0.139
XY,YC = -0.698	0.349	QN,QT = 0.00	1.34	U,V = 1.2	0.6	P = -0.801
XY,YC = -0.448	0.44	QN,QT = 0.00	1.45	U,V = 1.41	0.359	P = -1.12
XY,YC = -0.155	0.488	QN,QT = 0.00	1.5	U,V = 1.49	0.118	P = -1.24
XY,YC = 0.155	0.488	QN,QT = 0.00	1.5	U,V = 1.49	-0.118	P = -1.24
XY,YC = 0.448	0.44	QN,QT = 0.00	1.45	U,V = 1.41	-0.359	P = -1.12
XY,YC = 0.698	0.349	QN,QT = 0.00	1.34	U,V = 1.2	-0.6	P = -0.801
XY,YC = 0.88	0.224	QN,QT = 0.00	1.07	U,V = 0.762	-0.748	P = -0.139
XY,YC = 0.976	0.0773	QN,QT = 0.00	0.448	U,V = 0.135	-0.427	P = 0.8
XY,YC = 0.976	-0.0773	QN,QT = 0.00	-0.448	U,V = 0.135	0.427	P = 0.8
XY,YC = 0.88	-0.224	QN,QT = 0.00	-1.07	U,V = 0.762	0.748	P = -0.139
XY,YC = 0.698	-0.349	QN,QT = 0.00	-1.34	U,V = 1.2	0.6	P = -0.801
XY,YC = 0.448	-0.44	QN,QT = 0.00	-1.45	U,V = 1.41	0.359	P = -1.12
XY,YC = 0.155	-0.488	QN,QT = 0.00	-1.5	U,V = 1.49	0.118	P = -1.24
XY,YC = -0.155	-0.488	QN,QT = 0.00	-1.5	U,V = 1.49	-0.118	P = -1.24
XY,YC = -0.448	-0.44	QN,QT = 0.00	-1.45	U,V = 1.41	-0.359	P = -1.12
XY,YC = -0.698	-0.349	QN,QT = 0.00	-1.34	U,V = 1.2	-0.6	P = -0.801
XY,YC = -0.88	-0.224	QN,QT = 0.00	-1.07	U,V = 0.762	-0.748	P = -0.139
XY,YC = -0.976	-0.0773	QN,QT = 0.00	-0.448	U,V = 0.135	-0.427	P = 0.8

